error: Failed to load resource: the server responded with a status of 403 (Forbidden)
error: Failed to load resource: the server responded with a status of 403 (Forbidden)
error: Failed to load resource: the server responded with a status of 401 (Unauthorized)
error: Failed to load resource: the server responded with a status of 403 (Forbidden)
error: Failed to load resource: the server responded with a status of 403 (Forbidden)
error: Failed to load resource: the server responded with a status of 403 (Forbidden)
error: Failed to load resource: the server responded with a status of 403 (Forbidden)
error: Failed to load resource: the server responded with a status of 403 (Forbidden)
error: Failed to load resource: the server responded with a status of 403 (Forbidden)
error: Failed to load resource: the server responded with a status of 403 (Forbidden)
error: Failed to load resource: the server responded with a status of 403 (Forbidden)
error: Failed to load resource: the server responded with a status of 403 (Forbidden)
error: Failed to load resource: the server responded with a status of 403 (Forbidden)
pageerror: Failed to execute 'writeText' on 'Clipboard': Write permission denied.
error: Failed to load resource: the server responded with a status of 403 (Forbidden)
error: Failed to load resource: the server responded with a status of 403 (Forbidden)
error: Failed to load resource: the server responded with a status of 403 (Forbidden)
error: Failed to load resource: the server responded with a status of 403 (Forbidden)
error: Failed to load resource: the server responded with a status of 403 (Forbidden)
error: Failed to load resource: the server responded with a status of 403 (Forbidden)
error: Failed to load resource: the server responded with a status of 403 (Forbidden)
error: Failed to load resource: the server responded with a status of 403 (Forbidden)
error: Failed to load resource: the server responded with a status of 403 (Forbidden)
error: Failed to load resource: the server responded with a status of 403 (Forbidden)
error: Failed to load resource: the server responded with a status of 403 (Forbidden)
error: Failed to load resource: the server responded with a status of 403 (Forbidden)
error: Failed to load resource: the server responded with a status of 403 (Forbidden)
error: Failed to load resource: the server responded with a status of 403 (Forbidden)
error: Failed to load resource: the server responded with a status of 403 (Forbidden)
error: Failed to load resource: the server responded with a status of 403 (Forbidden)
error: Failed to load resource: the server responded with a status of 403 (Forbidden)
error: Failed to load resource: the server responded with a status of 403 (Forbidden)
error: Failed to load resource: the server responded with a status of 403 (Forbidden)
error: Failed to load resource: the server responded with a status of 403 (Forbidden)
error: Failed to load resource: the server responded with a status of 403 (Forbidden)
error: Failed to load resource: the server responded with a status of 403 (Forbidden)
error: Failed to load resource: the server responded with a status of 403 (Forbidden)
error: Failed to load resource: the server responded with a status of 403 (Forbidden)
error: Failed to load resource: the server responded with a status of 403 (Forbidden)
error: Failed to load resource: the server responded with a status of 403 (Forbidden)
error: Failed to load resource: the server responded with a status of 403 (Forbidden)
error: Failed to load resource: the server responded with a status of 403 (Forbidden)
error: Failed to load resource: the server responded with a status of 403 (Forbidden)
error: Failed to load resource: the server responded with a status of 403 (Forbidden)
error: Failed to load resource: the server responded with a status of 403 (Forbidden)
error: Failed to load resource: the server responded with a status of 403 (Forbidden)
error: Failed to load resource: the server responded with a status of 403 (Forbidden)
error: Failed to load resource: the server responded with a status of 403 (Forbidden)
error: Failed to load resource: the server responded with a status of 403 (Forbidden)
error: Failed to load resource: the server responded with a status of 403 (Forbidden)
error: Failed to load resource: the server responded with a status of 422 (Unprocessable Content)
error: Encountered two children with the same key, `%s`. Keys should be unique so that components maintain their identity across updates. Non-unique keys may cause children to be duplicated and/or omitted — the behavior is unsupported and could change in a future version. ResumeE2E-BAK-20261009-145552 简历A
error: Encountered two children with the same key, `%s`. Keys should be unique so that components maintain their identity across updates. Non-unique keys may cause children to be duplicated and/or omitted — the behavior is unsupported and could change in a future version. ResumeE2E-BAK-20261009-145552 简历B
error: Encountered two children with the same key, `%s`. Keys should be unique so that components maintain their identity across updates. Non-unique keys may cause children to be duplicated and/or omitted — the behavior is unsupported and could change in a future version. ResumeE2E-BAK-20261009-145552 简历A
error: Encountered two children with the same key, `%s`. Keys should be unique so that components maintain their identity across updates. Non-unique keys may cause children to be duplicated and/or omitted — the behavior is unsupported and could change in a future version. ResumeE2E-BAK-20261009-145552 简历A
error: Encountered two children with the same key, `%s`. Keys should be unique so that components maintain their identity across updates. Non-unique keys may cause children to be duplicated and/or omitted — the behavior is unsupported and could change in a future version. ResumeE2E-BAK-20261009-145552 简历B
error: Encountered two children with the same key, `%s`. Keys should be unique so that components maintain their identity across updates. Non-unique keys may cause children to be duplicated and/or omitted — the behavior is unsupported and could change in a future version. ResumeE2E-BAK-20261009-145552 简历B
error: Encountered two children with the same key, `%s`. Keys should be unique so that components maintain their identity across updates. Non-unique keys may cause children to be duplicated and/or omitted — the behavior is unsupported and could change in a future version. ResumeE2E-BAK-20261009-145552 简历A
error: Encountered two children with the same key, `%s`. Keys should be unique so that components maintain their identity across updates. Non-unique keys may cause children to be duplicated and/or omitted — the behavior is unsupported and could change in a future version. ResumeE2E-BAK-20261009-145552 简历B
error: Encountered two children with the same key, `%s`. Keys should be unique so that components maintain their identity across updates. Non-unique keys may cause children to be duplicated and/or omitted — the behavior is unsupported and could change in a future version. ResumeE2E-BAK-20261009-145552 简历B
error: Encountered two children with the same key, `%s`. Keys should be unique so that components maintain their identity across updates. Non-unique keys may cause children to be duplicated and/or omitted — the behavior is unsupported and could change in a future version. ResumeE2E-BAK-20261009-145552 简历A
error: Encountered two children with the same key, `%s`. Keys should be unique so that components maintain their identity across updates. Non-unique keys may cause children to be duplicated and/or omitted — the behavior is unsupported and could change in a future version. ResumeE2E-BAK-20261009-145552 简历A
error: Encountered two children with the same key, `%s`. Keys should be unique so that components maintain their identity across updates. Non-unique keys may cause children to be duplicated and/or omitted — the behavior is unsupported and could change in a future version. ResumeE2E-BAK-20261009-145552 简历B
error: Encountered two children with the same key, `%s`. Keys should be unique so that components maintain their identity across updates. Non-unique keys may cause children to be duplicated and/or omitted — the behavior is unsupported and could change in a future version. ResumeE2E-BAK-20261009-145552 简历A
error: Encountered two children with the same key, `%s`. Keys should be unique so that components maintain their identity across updates. Non-unique keys may cause children to be duplicated and/or omitted — the behavior is unsupported and could change in a future version. ResumeE2E-BAK-20261009-145552 简历B
error: Encountered two children with the same key, `%s`. Keys should be unique so that components maintain their identity across updates. Non-unique keys may cause children to be duplicated and/or omitted — the behavior is unsupported and could change in a future version. JDE2E 公司 · E2E-BAK-20261009-145552 岗位
error: Encountered two children with the same key, `%s`. Keys should be unique so that components maintain their identity across updates. Non-unique keys may cause children to be duplicated and/or omitted — the behavior is unsupported and could change in a future version. JDE2E 公司 · E2E-BAK-20261009-145552 岗位
error: Encountered two children with the same key, `%s`. Keys should be unique so that components maintain their identity across updates. Non-unique keys may cause children to be duplicated and/or omitted — the behavior is unsupported and could change in a future version. JDE2E 公司 · E2E-BAK-20261009-145552 岗位
error: Encountered two children with the same key, `%s`. Keys should be unique so that components maintain their identity across updates. Non-unique keys may cause children to be duplicated and/or omitted — the behavior is unsupported and could change in a future version. JDE2E 公司 · E2E-BAK-20261009-145552 岗位
error: Encountered two children with the same key, `%s`. Keys should be unique so that components maintain their identity across updates. Non-unique keys may cause children to be duplicated and/or omitted — the behavior is unsupported and could change in a future version. JDE2E 公司 · E2E-BAK-20261009-145552 岗位
error: Encountered two children with the same key, `%s`. Keys should be unique so that components maintain their identity across updates. Non-unique keys may cause children to be duplicated and/or omitted — the behavior is unsupported and could change in a future version. JDE2E 公司 · E2E-BAK-20261009-145552 岗位
error: Encountered two children with the same key, `%s`. Keys should be unique so that components maintain their identity across updates. Non-unique keys may cause children to be duplicated and/or omitted — the behavior is unsupported and could change in a future version. JDE2E 公司 · E2E-BAK-20261009-145552 岗位
error: Encountered two children with the same key, `%s`. Keys should be unique so that components maintain their identity across updates. Non-unique keys may cause children to be duplicated and/or omitted — the behavior is unsupported and could change in a future version. ResumeE2E-BAK-20261009-145552 简历A
error: Encountered two children with the same key, `%s`. Keys should be unique so that components maintain their identity across updates. Non-unique keys may cause children to be duplicated and/or omitted — the behavior is unsupported and could change in a future version. ResumeE2E-BAK-20261009-145552 简历B
error: Encountered two children with the same key, `%s`. Keys should be unique so that components maintain their identity across updates. Non-unique keys may cause children to be duplicated and/or omitted — the behavior is unsupported and could change in a future version. ResumeE2E-BAK-20261009-145552 简历A
error: Encountered two children with the same key, `%s`. Keys should be unique so that components maintain their identity across updates. Non-unique keys may cause children to be duplicated and/or omitted — the behavior is unsupported and could change in a future version. ResumeE2E-BAK-20261009-145552 简历A
error: Encountered two children with the same key, `%s`. Keys should be unique so that components maintain their identity across updates. Non-unique keys may cause children to be duplicated and/or omitted — the behavior is unsupported and could change in a future version. ResumeE2E-BAK-20261009-145552 简历B
error: Encountered two children with the same key, `%s`. Keys should be unique so that components maintain their identity across updates. Non-unique keys may cause children to be duplicated and/or omitted — the behavior is unsupported and could change in a future version. ResumeE2E-BAK-20261009-145552 简历B
error: Encountered two children with the same key, `%s`. Keys should be unique so that components maintain their identity across updates. Non-unique keys may cause children to be duplicated and/or omitted — the behavior is unsupported and could change in a future version. ResumeE2E-BAK-20261009-145552 简历A
error: Encountered two children with the same key, `%s`. Keys should be unique so that components maintain their identity across updates. Non-unique keys may cause children to be duplicated and/or omitted — the behavior is unsupported and could change in a future version. ResumeE2E-BAK-20261009-145552 简历B
error: Encountered two children with the same key, `%s`. Keys should be unique so that components maintain their identity across updates. Non-unique keys may cause children to be duplicated and/or omitted — the behavior is unsupported and could change in a future version. ResumeE2E-BAK-20261009-145552 简历B
error: Encountered two children with the same key, `%s`. Keys should be unique so that components maintain their identity across updates. Non-unique keys may cause children to be duplicated and/or omitted — the behavior is unsupported and could change in a future version. ResumeE2E-BAK-20261009-145552 简历A
error: Encountered two children with the same key, `%s`. Keys should be unique so that components maintain their identity across updates. Non-unique keys may cause children to be duplicated and/or omitted — the behavior is unsupported and could change in a future version. ResumeE2E-BAK-20261009-145552 简历A
error: Encountered two children with the same key, `%s`. Keys should be unique so that components maintain their identity across updates. Non-unique keys may cause children to be duplicated and/or omitted — the behavior is unsupported and could change in a future version. ResumeE2E-BAK-20261009-145552 简历B
error: Encountered two children with the same key, `%s`. Keys should be unique so that components maintain their identity across updates. Non-unique keys may cause children to be duplicated and/or omitted — the behavior is unsupported and could change in a future version. ResumeE2E-BAK-20261009-145552 简历A
error: Encountered two children with the same key, `%s`. Keys should be unique so that components maintain their identity across updates. Non-unique keys may cause children to be duplicated and/or omitted — the behavior is unsupported and could change in a future version. ResumeE2E-BAK-20261009-145552 简历B
error: Encountered two children with the same key, `%s`. Keys should be unique so that components maintain their identity across updates. Non-unique keys may cause children to be duplicated and/or omitted — the behavior is unsupported and could change in a future version. JDE2E 公司 · E2E-BAK-20261009-145552 岗位
error: Encountered two children with the same key, `%s`. Keys should be unique so that components maintain their identity across updates. Non-unique keys may cause children to be duplicated and/or omitted — the behavior is unsupported and could change in a future version. JDE2E 公司 · E2E-BAK-20261009-145552 岗位
error: Encountered two children with the same key, `%s`. Keys should be unique so that components maintain their identity across updates. Non-unique keys may cause children to be duplicated and/or omitted — the behavior is unsupported and could change in a future version. JDE2E 公司 · E2E-BAK-20261009-145552 岗位
error: Encountered two children with the same key, `%s`. Keys should be unique so that components maintain their identity across updates. Non-unique keys may cause children to be duplicated and/or omitted — the behavior is unsupported and could change in a future version. JDE2E 公司 · E2E-BAK-20261009-145552 岗位
error: Encountered two children with the same key, `%s`. Keys should be unique so that components maintain their identity across updates. Non-unique keys may cause children to be duplicated and/or omitted — the behavior is unsupported and could change in a future version. JDE2E 公司 · E2E-BAK-20261009-145552 岗位
error: Encountered two children with the same key, `%s`. Keys should be unique so that components maintain their identity across updates. Non-unique keys may cause children to be duplicated and/or omitted — the behavior is unsupported and could change in a future version. JDE2E 公司 · E2E-BAK-20261009-145552 岗位
error: Encountered two children with the same key, `%s`. Keys should be unique so that components maintain their identity across updates. Non-unique keys may cause children to be duplicated and/or omitted — the behavior is unsupported and could change in a future version. JDE2E 公司 · E2E-BAK-20261009-145552 岗位